// Jest Snapshot v1, https://goo.gl/fbAQLP

exports[`ContentListItem should match snapshot (auto-generated) 1`] = `
<DocumentFragment>
  <li
    class="pf-v6-c-content--li ''"
  >
    ReactNode
  </li>
</DocumentFragment>
`;
