// Jest Snapshot v1, https://goo.gl/fbAQLP

exports[`ContentWrapper should match snapshot (auto-generated) 1`] = `
<DocumentFragment>
  <div
    class="pf-v6-c-content ''"
  >
    ReactNode
  </div>
</DocumentFragment>
`;
